%!Adobe-FontList 1.22
%Locale:0x409

%BeginFont
Handler:DirectoryHandler
FontType:Invalid
OutlineFileName:/Users/rohsingh/Documents/Old Mac Backup/{{User Profile folder}}/Desktop/Recovered Data/Documents/Work File/CoRe Projects/FY21/RITM0657879 - New iconography/Uploaded to Brand Space files/SF10_Master_Deloitte-Icon-Library_August 2021/Document fonts/AdobeFnt22.lst
FileLength:4959
FileModTime:650479935
%EndFont

%BeginFont
Handler:DirectoryHandler
FontType:TrueType
FontName:OpenSans-Bold
FamilyName:Open Sans
StyleName:Bold
MenuName:Open Sans
StyleBits:2
WeightClass:700
WidthClass:5
AngleClass:0
FullName:Open Sans Bold
WritingScript:Roman
OutlineFileName:/Users/rohsingh/Documents/Old Mac Backup/{{User Profile folder}}/Desktop/Recovered Data/Documents/Work File/CoRe Projects/FY21/RITM0657879 - New iconography/Uploaded to Brand Space files/SF10_Master_Deloitte-Icon-Library_August 2021/Document fonts/OpenSans-Bold.ttf
DataFormat:sfntData
hasSVG:no
VariableFontType:NonVariableFont
FileLength:224592
FileModTime:480328938
NameArray:0,Mac,4,Open Sans Bold
NameArray:0,Win,1,Open Sans
%EndFont

%BeginFont
Handler:DirectoryHandler
FontType:TrueType
FontName:OpenSans-BoldItalic
FamilyName:Open Sans
StyleName:Bold Italic
MenuName:Open Sans
StyleBits:3
WeightClass:700
WidthClass:5
AngleClass:1
FullName:Open Sans Bold Italic
WritingScript:Roman
OutlineFileName:/Users/rohsingh/Documents/Old Mac Backup/{{User Profile folder}}/Desktop/Recovered Data/Documents/Work File/CoRe Projects/FY21/RITM0657879 - New iconography/Uploaded to Brand Space files/SF10_Master_Deloitte-Icon-Library_August 2021/Document fonts/OpenSans-BoldItalic.ttf
DataFormat:sfntData
hasSVG:no
VariableFontType:NonVariableFont
FileLength:213292
FileModTime:480328938
NameArray:0,Mac,4,Open Sans Bold Italic
NameArray:0,Win,1,Open Sans
%EndFont

%BeginFont
Handler:DirectoryHandler
FontType:TrueType
FontName:OpenSans-ExtraBold
FamilyName:Open Sans ExtraBold
StyleName:Regular
MenuName:Open Sans ExtraBold
StyleBits:0
WeightClass:800
WidthClass:5
AngleClass:0
FullName:Open Sans ExtraBold
WritingScript:Roman
OutlineFileName:/Users/rohsingh/Documents/Old Mac Backup/{{User Profile folder}}/Desktop/Recovered Data/Documents/Work File/CoRe Projects/FY21/RITM0657879 - New iconography/Uploaded to Brand Space files/SF10_Master_Deloitte-Icon-Library_August 2021/Document fonts/OpenSans-ExtraBold.ttf
DataFormat:sfntData
hasSVG:no
VariableFontType:NonVariableFont
FileLength:101512
FileModTime:575505673
NameArray:0,Win,1,Open Sans ExtraBold
%EndFont

%BeginFont
Handler:DirectoryHandler
FontType:TrueType
FontName:OpenSans-Light
FamilyName:Open Sans
StyleName:Light
MenuName:Open Sans Light
StyleBits:0
WeightClass:300
WidthClass:5
AngleClass:0
FullName:Open Sans Light
WritingScript:Roman
OutlineFileName:/Users/rohsingh/Documents/Old Mac Backup/{{User Profile folder}}/Desktop/Recovered Data/Documents/Work File/CoRe Projects/FY21/RITM0657879 - New iconography/Uploaded to Brand Space files/SF10_Master_Deloitte-Icon-Library_August 2021/Document fonts/OpenSans-Light.ttf
DataFormat:sfntData
hasSVG:no
VariableFontType:NonVariableFont
FileLength:222412
FileModTime:480328938
NameArray:0,Mac,4,Open Sans Light
NameArray:0,Win,1,Open Sans Light
NameArray:0,Win,16,Open Sans
%EndFont

%BeginFont
Handler:DirectoryHandler
FontType:TrueType
FontName:OpenSans
FamilyName:Open Sans
StyleName:Regular
MenuName:Open Sans
StyleBits:0
WeightClass:400
WidthClass:5
AngleClass:0
FullName:Open Sans
WritingScript:Roman
OutlineFileName:/Users/rohsingh/Documents/Old Mac Backup/{{User Profile folder}}/Desktop/Recovered Data/Documents/Work File/CoRe Projects/FY21/RITM0657879 - New iconography/Uploaded to Brand Space files/SF10_Master_Deloitte-Icon-Library_August 2021/Document fonts/OpenSans-Regular.ttf
DataFormat:sfntData
hasSVG:no
VariableFontType:NonVariableFont
FileLength:217360
FileModTime:480328938
NameArray:0,Mac,4,Open Sans
NameArray:0,Win,1,Open Sans
%EndFont

%BeginFont
Handler:DirectoryHandler
FontType:TrueType
FontName:OpenSans-SemiBold
FamilyName:Open Sans SemiBold
StyleName:Regular
MenuName:Open Sans SemiBold
StyleBits:0
WeightClass:600
WidthClass:5
AngleClass:0
FullName:Open Sans SemiBold
WritingScript:Roman
OutlineFileName:/Users/rohsingh/Documents/Old Mac Backup/{{User Profile folder}}/Desktop/Recovered Data/Documents/Work File/CoRe Projects/FY21/RITM0657879 - New iconography/Uploaded to Brand Space files/SF10_Master_Deloitte-Icon-Library_August 2021/Document fonts/OpenSans-SemiBold.ttf
DataFormat:sfntData
hasSVG:no
VariableFontType:NonVariableFont
FileLength:100256
FileModTime:575505673
NameArray:0,Win,1,Open Sans SemiBold
%EndFont

%BeginFont
Handler:DirectoryHandler
FontType:TrueType
FontName:OpenSans-SemiBoldItalic
FamilyName:Open Sans SemiBold
StyleName:Italic
MenuName:Open Sans SemiBold
StyleBits:1
WeightClass:600
WidthClass:5
AngleClass:1
FullName:Open Sans SemiBold Italic
WritingScript:Roman
OutlineFileName:/Users/rohsingh/Documents/Old Mac Backup/{{User Profile folder}}/Desktop/Recovered Data/Documents/Work File/CoRe Projects/FY21/RITM0657879 - New iconography/Uploaded to Brand Space files/SF10_Master_Deloitte-Icon-Library_August 2021/Document fonts/OpenSans-SemiBoldItalic.ttf
DataFormat:sfntData
hasSVG:no
VariableFontType:NonVariableFont
FileLength:91604
FileModTime:575505673
NameArray:0,Win,1,Open Sans SemiBold
%EndFont

